// Jest Snapshot v1, https://goo.gl/fbAQLP

exports[`user doesn't have required reputation 1`] = `
<div
  aria-describedby="popup-1"
  className="help-tooltip-trigger"
  onMouseEnter={[Function]}
  onMouseLeave={[Function]}
>
  Has reputation: false
</div>
`;

exports[`user have required reputation 1`] = `"Has reputation: true"`;
